../Core/Src/main.c:9:6:vApplicationStackOverflowHook	24	static,ignoring_inline_asm
../Core/Src/main.c:21:6:vApplicationIdleHook	4	static
../Core/Src/main.c:46:6:vPRINTTask	48	static
../Core/Src/main.c:60:5:main	16	static
../Core/Src/main.c:76:13:prvSetupHardware	8	static
../Core/Src/main.c:85:6:SystemClock_Config	88	static
../Core/Src/main.c:132:13:MX_LPUART1_UART_Init	8	static
../Core/Src/main.c:179:13:MX_USART1_UART_Init	8	static
../Core/Src/main.c:227:13:MX_GPIO_Init	48	static
../Core/Src/main.c:267:6:Error_Handler	4	static,ignoring_inline_asm
