../Core/Src/stm32g4xx_it.c:72:6:NMI_Handler	4	static
../Core/Src/stm32g4xx_it.c:87:6:HardFault_Handler	4	static
../Core/Src/stm32g4xx_it.c:102:6:MemManage_Handler	4	static
../Core/Src/stm32g4xx_it.c:117:6:BusFault_Handler	4	static
../Core/Src/stm32g4xx_it.c:132:6:UsageFault_Handler	4	static
../Core/Src/stm32g4xx_it.c:148:6:DebugMon_Handler	4	static
../Core/Src/stm32g4xx_it.c:170:6:TIM6_DAC_IRQHandler	8	static
../Core/Src/stm32g4xx_it.c:184:6:TIM7_DAC_IRQHandler	8	static
../Core/Src/stm32g4xx_it.c:198:6:LPUART1_IRQHandler	8	static
