../Drivers/STM32G4xx_HAL_Driver/Src/stm32g4xx_hal_uart.c:307:19:HAL_UART_Init	16	static
../Drivers/STM32G4xx_HAL_Driver/Src/stm32g4xx_hal_uart.c:381:19:HAL_HalfDuplex_Init	16	static
../Drivers/STM32G4xx_HAL_Driver/Src/stm32g4xx_hal_uart.c:456:19:HAL_LIN_Init	16	static
../Drivers/STM32G4xx_HAL_Driver/Src/stm32g4xx_hal_uart.c:555:19:HAL_MultiProcessor_Init	24	static
../Drivers/STM32G4xx_HAL_Driver/Src/stm32g4xx_hal_uart.c:631:19:HAL_UART_DeInit	16	static
../Drivers/STM32G4xx_HAL_Driver/Src/stm32g4xx_hal_uart.c:678:13:HAL_UART_MspInit	16	static
../Drivers/STM32G4xx_HAL_Driver/Src/stm32g4xx_hal_uart.c:693:13:HAL_UART_MspDeInit	16	static
../Drivers/STM32G4xx_HAL_Driver/Src/stm32g4xx_hal_uart.c:1116:19:HAL_UART_Transmit	48	static
../Drivers/STM32G4xx_HAL_Driver/Src/stm32g4xx_hal_uart.c:1206:19:HAL_UART_Receive	48	static
../Drivers/STM32G4xx_HAL_Driver/Src/stm32g4xx_hal_uart.c:1290:19:HAL_UART_Transmit_IT	72	static,ignoring_inline_asm
../Drivers/STM32G4xx_HAL_Driver/Src/stm32g4xx_hal_uart.c:1358:19:HAL_UART_Receive_IT	48	static,ignoring_inline_asm
../Drivers/STM32G4xx_HAL_Driver/Src/stm32g4xx_hal_uart.c:1399:19:HAL_UART_Transmit_DMA	48	static,ignoring_inline_asm
../Drivers/STM32G4xx_HAL_Driver/Src/stm32g4xx_hal_uart.c:1469:19:HAL_UART_Receive_DMA	48	static,ignoring_inline_asm
../Drivers/STM32G4xx_HAL_Driver/Src/stm32g4xx_hal_uart.c:1505:19:HAL_UART_DMAPause	120	static,ignoring_inline_asm
../Drivers/STM32G4xx_HAL_Driver/Src/stm32g4xx_hal_uart.c:1535:19:HAL_UART_DMAResume	112	static,ignoring_inline_asm
../Drivers/STM32G4xx_HAL_Driver/Src/stm32g4xx_hal_uart.c:1566:19:HAL_UART_DMAStop	72	static,ignoring_inline_asm
../Drivers/STM32G4xx_HAL_Driver/Src/stm32g4xx_hal_uart.c:1641:19:HAL_UART_Abort	136	static,ignoring_inline_asm
../Drivers/STM32G4xx_HAL_Driver/Src/stm32g4xx_hal_uart.c:1744:19:HAL_UART_AbortTransmit	88	static,ignoring_inline_asm
../Drivers/STM32G4xx_HAL_Driver/Src/stm32g4xx_hal_uart.c:1803:19:HAL_UART_AbortReceive	112	static,ignoring_inline_asm
../Drivers/STM32G4xx_HAL_Driver/Src/stm32g4xx_hal_uart.c:1871:19:HAL_UART_Abort_IT	144	static,ignoring_inline_asm
../Drivers/STM32G4xx_HAL_Driver/Src/stm32g4xx_hal_uart.c:2024:19:HAL_UART_AbortTransmit_IT	88	static,ignoring_inline_asm
../Drivers/STM32G4xx_HAL_Driver/Src/stm32g4xx_hal_uart.c:2115:19:HAL_UART_AbortReceive_IT	112	static,ignoring_inline_asm
../Drivers/STM32G4xx_HAL_Driver/Src/stm32g4xx_hal_uart.c:2208:6:HAL_UART_IRQHandler	240	static,ignoring_inline_asm
../Drivers/STM32G4xx_HAL_Driver/Src/stm32g4xx_hal_uart.c:2538:13:HAL_UART_TxCpltCallback	16	static
../Drivers/STM32G4xx_HAL_Driver/Src/stm32g4xx_hal_uart.c:2553:13:HAL_UART_TxHalfCpltCallback	16	static
../Drivers/STM32G4xx_HAL_Driver/Src/stm32g4xx_hal_uart.c:2568:13:HAL_UART_RxCpltCallback	16	static
../Drivers/STM32G4xx_HAL_Driver/Src/stm32g4xx_hal_uart.c:2583:13:HAL_UART_RxHalfCpltCallback	16	static
../Drivers/STM32G4xx_HAL_Driver/Src/stm32g4xx_hal_uart.c:2598:13:HAL_UART_ErrorCallback	16	static
../Drivers/STM32G4xx_HAL_Driver/Src/stm32g4xx_hal_uart.c:2613:13:HAL_UART_AbortCpltCallback	16	static
../Drivers/STM32G4xx_HAL_Driver/Src/stm32g4xx_hal_uart.c:2628:13:HAL_UART_AbortTransmitCpltCallback	16	static
../Drivers/STM32G4xx_HAL_Driver/Src/stm32g4xx_hal_uart.c:2643:13:HAL_UART_AbortReceiveCpltCallback	16	static
../Drivers/STM32G4xx_HAL_Driver/Src/stm32g4xx_hal_uart.c:2660:13:HAL_UARTEx_RxEventCallback	16	static
../Drivers/STM32G4xx_HAL_Driver/Src/stm32g4xx_hal_uart.c:2708:6:HAL_UART_ReceiverTimeout_Config	16	static
../Drivers/STM32G4xx_HAL_Driver/Src/stm32g4xx_hal_uart.c:2723:19:HAL_UART_EnableReceiverTimeout	16	static
../Drivers/STM32G4xx_HAL_Driver/Src/stm32g4xx_hal_uart.c:2761:19:HAL_UART_DisableReceiverTimeout	16	static
../Drivers/STM32G4xx_HAL_Driver/Src/stm32g4xx_hal_uart.c:2799:19:HAL_MultiProcessor_EnableMuteMode	40	static,ignoring_inline_asm
../Drivers/STM32G4xx_HAL_Driver/Src/stm32g4xx_hal_uart.c:2819:19:HAL_MultiProcessor_DisableMuteMode	40	static,ignoring_inline_asm
../Drivers/STM32G4xx_HAL_Driver/Src/stm32g4xx_hal_uart.c:2839:6:HAL_MultiProcessor_EnterMuteMode	16	static
../Drivers/STM32G4xx_HAL_Driver/Src/stm32g4xx_hal_uart.c:2849:19:HAL_HalfDuplex_EnableTransmitter	64	static,ignoring_inline_asm
../Drivers/STM32G4xx_HAL_Driver/Src/stm32g4xx_hal_uart.c:2872:19:HAL_HalfDuplex_EnableReceiver	64	static,ignoring_inline_asm
../Drivers/STM32G4xx_HAL_Driver/Src/stm32g4xx_hal_uart.c:2896:19:HAL_LIN_SendBreak	16	static
../Drivers/STM32G4xx_HAL_Driver/Src/stm32g4xx_hal_uart.c:2941:23:HAL_UART_GetState	24	static
../Drivers/STM32G4xx_HAL_Driver/Src/stm32g4xx_hal_uart.c:2957:10:HAL_UART_GetError	16	static
../Drivers/STM32G4xx_HAL_Driver/Src/stm32g4xx_hal_uart.c:3003:19:UART_SetConfig	80	static
../Drivers/STM32G4xx_HAL_Driver/Src/stm32g4xx_hal_uart.c:3220:6:UART_AdvFeatureConfig	16	static
../Drivers/STM32G4xx_HAL_Driver/Src/stm32g4xx_hal_uart.c:3294:19:UART_CheckIdleState	104	static,ignoring_inline_asm
../Drivers/STM32G4xx_HAL_Driver/Src/stm32g4xx_hal_uart.c:3363:19:UART_WaitOnFlagUntilTimeout	24	static
../Drivers/STM32G4xx_HAL_Driver/Src/stm32g4xx_hal_uart.c:3431:19:UART_Start_Receive_IT	144	static,ignoring_inline_asm
../Drivers/STM32G4xx_HAL_Driver/Src/stm32g4xx_hal_uart.c:3503:19:UART_Start_Receive_DMA	96	static,ignoring_inline_asm
../Drivers/STM32G4xx_HAL_Driver/Src/stm32g4xx_hal_uart.c:3560:13:UART_EndTxTransfer	64	static,ignoring_inline_asm
../Drivers/STM32G4xx_HAL_Driver/Src/stm32g4xx_hal_uart.c:3576:13:UART_EndRxTransfer	88	static,ignoring_inline_asm
../Drivers/STM32G4xx_HAL_Driver/Src/stm32g4xx_hal_uart.c:3602:13:UART_DMATransmitCplt	72	static,ignoring_inline_asm
../Drivers/STM32G4xx_HAL_Driver/Src/stm32g4xx_hal_uart.c:3636:13:UART_DMATxHalfCplt	24	static
../Drivers/STM32G4xx_HAL_Driver/Src/stm32g4xx_hal_uart.c:3654:13:UART_DMAReceiveCplt	120	static,ignoring_inline_asm
../Drivers/STM32G4xx_HAL_Driver/Src/stm32g4xx_hal_uart.c:3715:13:UART_DMARxHalfCplt	24	static
../Drivers/STM32G4xx_HAL_Driver/Src/stm32g4xx_hal_uart.c:3753:13:UART_DMAError	32	static
../Drivers/STM32G4xx_HAL_Driver/Src/stm32g4xx_hal_uart.c:3793:13:UART_DMAAbortOnError	24	static
../Drivers/STM32G4xx_HAL_Driver/Src/stm32g4xx_hal_uart.c:3816:13:UART_DMATxAbortCallback	24	static
../Drivers/STM32G4xx_HAL_Driver/Src/stm32g4xx_hal_uart.c:3871:13:UART_DMARxAbortCallback	24	static
../Drivers/STM32G4xx_HAL_Driver/Src/stm32g4xx_hal_uart.c:3923:13:UART_DMATxOnlyAbortCallback	24	static
../Drivers/STM32G4xx_HAL_Driver/Src/stm32g4xx_hal_uart.c:3956:13:UART_DMARxOnlyAbortCallback	24	static
../Drivers/STM32G4xx_HAL_Driver/Src/stm32g4xx_hal_uart.c:3989:13:UART_TxISR_8BIT	64	static,ignoring_inline_asm
../Drivers/STM32G4xx_HAL_Driver/Src/stm32g4xx_hal_uart.c:4018:13:UART_TxISR_16BIT	72	static,ignoring_inline_asm
../Drivers/STM32G4xx_HAL_Driver/Src/stm32g4xx_hal_uart.c:4050:13:UART_TxISR_8BIT_FIFOEN	72	static,ignoring_inline_asm
../Drivers/STM32G4xx_HAL_Driver/Src/stm32g4xx_hal_uart.c:4090:13:UART_TxISR_16BIT_FIFOEN	72	static,ignoring_inline_asm
../Drivers/STM32G4xx_HAL_Driver/Src/stm32g4xx_hal_uart.c:4131:13:UART_EndTransmit_IT	40	static,ignoring_inline_asm
../Drivers/STM32G4xx_HAL_Driver/Src/stm32g4xx_hal_uart.c:4156:13:UART_RxISR_8BIT	120	static,ignoring_inline_asm
../Drivers/STM32G4xx_HAL_Driver/Src/stm32g4xx_hal_uart.c:4247:13:UART_RxISR_16BIT	120	static,ignoring_inline_asm
../Drivers/STM32G4xx_HAL_Driver/Src/stm32g4xx_hal_uart.c:4340:13:UART_RxISR_8BIT_FIFOEN	184	static,ignoring_inline_asm
../Drivers/STM32G4xx_HAL_Driver/Src/stm32g4xx_hal_uart.c:4502:13:UART_RxISR_16BIT_FIFOEN	192	static,ignoring_inline_asm
