../Drivers/STM32G4xx_HAL_Driver/Src/stm32g4xx_hal.c:148:19:HAL_Init	16	static
../Drivers/STM32G4xx_HAL_Driver/Src/stm32g4xx_hal.c:192:19:HAL_DeInit	8	static
../Drivers/STM32G4xx_HAL_Driver/Src/stm32g4xx_hal.c:221:13:HAL_MspInit	4	static
../Drivers/STM32G4xx_HAL_Driver/Src/stm32g4xx_hal.c:232:13:HAL_MspDeInit	4	static
../Drivers/STM32G4xx_HAL_Driver/Src/stm32g4xx_hal.c:255:26:HAL_InitTick	24	static
../Drivers/STM32G4xx_HAL_Driver/Src/stm32g4xx_hal.c:322:13:HAL_IncTick	4	static
../Drivers/STM32G4xx_HAL_Driver/Src/stm32g4xx_hal.c:333:17:HAL_GetTick	4	static
../Drivers/STM32G4xx_HAL_Driver/Src/stm32g4xx_hal.c:344:10:HAL_GetTickPrio	4	static
../Drivers/STM32G4xx_HAL_Driver/Src/stm32g4xx_hal.c:353:19:HAL_SetTickFreq	24	static
../Drivers/STM32G4xx_HAL_Driver/Src/stm32g4xx_hal.c:386:10:HAL_GetTickFreq	4	static
../Drivers/STM32G4xx_HAL_Driver/Src/stm32g4xx_hal.c:402:13:HAL_Delay	24	static
../Drivers/STM32G4xx_HAL_Driver/Src/stm32g4xx_hal.c:428:13:HAL_SuspendTick	4	static
../Drivers/STM32G4xx_HAL_Driver/Src/stm32g4xx_hal.c:444:13:HAL_ResumeTick	4	static
../Drivers/STM32G4xx_HAL_Driver/Src/stm32g4xx_hal.c:454:10:HAL_GetHalVersion	4	static
../Drivers/STM32G4xx_HAL_Driver/Src/stm32g4xx_hal.c:463:10:HAL_GetREVID	4	static
../Drivers/STM32G4xx_HAL_Driver/Src/stm32g4xx_hal.c:472:10:HAL_GetDEVID	4	static
../Drivers/STM32G4xx_HAL_Driver/Src/stm32g4xx_hal.c:481:10:HAL_GetUIDw0	4	static
../Drivers/STM32G4xx_HAL_Driver/Src/stm32g4xx_hal.c:490:10:HAL_GetUIDw1	4	static
../Drivers/STM32G4xx_HAL_Driver/Src/stm32g4xx_hal.c:499:10:HAL_GetUIDw2	4	static
../Drivers/STM32G4xx_HAL_Driver/Src/stm32g4xx_hal.c:528:6:HAL_DBGMCU_EnableDBGSleepMode	4	static
../Drivers/STM32G4xx_HAL_Driver/Src/stm32g4xx_hal.c:537:6:HAL_DBGMCU_DisableDBGSleepMode	4	static
../Drivers/STM32G4xx_HAL_Driver/Src/stm32g4xx_hal.c:546:6:HAL_DBGMCU_EnableDBGStopMode	4	static
../Drivers/STM32G4xx_HAL_Driver/Src/stm32g4xx_hal.c:555:6:HAL_DBGMCU_DisableDBGStopMode	4	static
../Drivers/STM32G4xx_HAL_Driver/Src/stm32g4xx_hal.c:564:6:HAL_DBGMCU_EnableDBGStandbyMode	4	static
../Drivers/STM32G4xx_HAL_Driver/Src/stm32g4xx_hal.c:573:6:HAL_DBGMCU_DisableDBGStandbyMode	4	static
../Drivers/STM32G4xx_HAL_Driver/Src/stm32g4xx_hal.c:606:6:HAL_SYSCFG_CCMSRAMErase	4	static
../Drivers/STM32G4xx_HAL_Driver/Src/stm32g4xx_hal.c:625:6:HAL_SYSCFG_EnableMemorySwappingBank	4	static
../Drivers/STM32G4xx_HAL_Driver/Src/stm32g4xx_hal.c:640:6:HAL_SYSCFG_DisableMemorySwappingBank	4	static
../Drivers/STM32G4xx_HAL_Driver/Src/stm32g4xx_hal.c:658:6:HAL_SYSCFG_VREFBUF_VoltageScalingConfig	16	static
../Drivers/STM32G4xx_HAL_Driver/Src/stm32g4xx_hal.c:674:6:HAL_SYSCFG_VREFBUF_HighImpedanceConfig	16	static
../Drivers/STM32G4xx_HAL_Driver/Src/stm32g4xx_hal.c:688:6:HAL_SYSCFG_VREFBUF_TrimmingConfig	16	static
../Drivers/STM32G4xx_HAL_Driver/Src/stm32g4xx_hal.c:700:19:HAL_SYSCFG_EnableVREFBUF	16	static
../Drivers/STM32G4xx_HAL_Driver/Src/stm32g4xx_hal.c:726:6:HAL_SYSCFG_DisableVREFBUF	4	static
../Drivers/STM32G4xx_HAL_Driver/Src/stm32g4xx_hal.c:737:6:HAL_SYSCFG_EnableIOSwitchBooster	4	static
../Drivers/STM32G4xx_HAL_Driver/Src/stm32g4xx_hal.c:747:6:HAL_SYSCFG_DisableIOSwitchBooster	4	static
../Drivers/STM32G4xx_HAL_Driver/Src/stm32g4xx_hal.c:757:6:HAL_SYSCFG_EnableIOSwitchVDD	4	static
../Drivers/STM32G4xx_HAL_Driver/Src/stm32g4xx_hal.c:767:6:HAL_SYSCFG_DisableIOSwitchVDD	4	static
../Drivers/STM32G4xx_HAL_Driver/Src/stm32g4xx_hal.c:778:6:HAL_SYSCFG_CCMSRAM_WriteProtectionEnable	16	static
